create extension hello;
\echo

select hello('world');
    hello    
-------------
 hello world
(1 row)

